main.c:85:5:main	40	static
main.c:158:6:SystemClock_Config	72	static
main.c:196:13:MX_SPI1_Init	8	static
main.c:234:13:MX_GPIO_Init	32	static
main.c:274:6:desenhaQuad	40	static
main.c:280:6:consertaTabuleiro	16	static
main.c:284:6:cursorParaDireita	16	static
main.c:302:6:cursorParaEsquerda	4	static
main.c:318:6:alternaJogador	4	static
main.c:325:6:piscaCursor	16	static
main.c:350:6:fimJogada	8	static
main.c:363:6:checarVitoria	16	static
main.c:396:6:fimRodada	16	static
main.c:412:6:zerarMatriz	16	static
main.c:427:6:Error_Handler	4	static,ignoring_inline_asm
