main.c:92:5:main	8	static
main.c:156:6:SystemClock_Config	72	static
main.c:194:13:MX_SPI1_Init	8	static
main.c:232:13:MX_GPIO_Init	32	static
main.c:272:6:desenhaQuad	40	static
main.c:278:6:consertaTabuleiro	16	static
main.c:282:6:cursorParaDireita	16	static
main.c:300:6:cursorParaEsquerda	4	static
main.c:316:6:alternaJogador	24	static
main.c:325:6:piscaCursor	16	static
main.c:350:6:fimJogada	8	static
main.c:363:6:checarVitoria	24	static
main.c:400:6:fimRodada	16	static
main.c:425:6:zerarMatriz	16	static
main.c:434:6:atualizarPontos	24	static
main.c:448:6:novaRodada	24	static
main.c:459:6:fimDeJogo	24	static
main.c:483:6:Error_Handler	4	static,ignoring_inline_asm
